<_TtGC7SwiftUI14_UIHostingViewV19Snapshot_ios_sample21CreateUserProfileView_; frame = (0 0; 430 932); autoresize = W+H; gestureRecognizers = <NSArray>; backgroundColor = <UIDynamicSystemColor; name = systemBackgroundColor>; layer = <CALayer>>
   | <_TtGC7SwiftUI16PlatformViewHostGVS_42PlatformViewControllerRepresentableAdaptorGVS_33MulticolumnSplitViewRepresentableGVS_15ModifiedContentVVS_22_VariadicView_Children7ElementVS_24NavigationColumnModifier_Os5NeverGVS_17_UnaryViewAdaptorVS_9EmptyView____; baseClass = _UIConstraintBasedLayoutHostingView; frame = (0 0; 430 932); anchorPoint = (0, 0); tintColor = UIExtendedSRGBColorSpace 0 0.478431 1 1; layer = <CALayer>>
   |    | <_UISplitViewControllerPanelImplView; frame = (0 0; 430 932); autoresize = W+H; gestureRecognizers = <NSArray>; backgroundColor = <UIDynamicSystemColor; name = opaqueSeparatorColor>; layer = <CALayer>>
   |    |    | <_UIPanelControllerContentView; frame = (0 0; 430 932); autoresize = W+H; layer = <CALayer>>
   |    |    |    | <UILayoutContainerView; frame = (0 0; 430 932); clipsToBounds = YES; autoresize = W+H; gestureRecognizers = <NSArray>; layer = <CALayer>>
   |    |    |    |    | <UINavigationTransitionView; frame = (0 0; 430 932); clipsToBounds = YES; autoresize = W+H; layer = <CALayer>>
   |    |    |    |    |    | <UIViewControllerWrapperView; frame = (0 0; 430 932); layer = <CALayer>>
   |    |    |    |    |    |    | <_TtGC7SwiftUI14_UIHostingViewGVS_15ModifiedContentGS1_VVS_22_VariadicView_Children7ElementVS_24NavigationColumnModifier_GVS_18StyleContextWriterVS_19SidebarStyleContext___; frame = (0 0; 430 932); gestureRecognizers = <NSArray>; backgroundColor = <UIDynamicSystemColor; name = systemBackgroundColor>; layer = <CALayer>>
   |    |    |    |    |    |    |    | <_TtGC7SwiftUI16PlatformViewHostGVS_P10$1c5c79de417ListRepresentableGVS_28CollectionViewListDataSourceOs5Never_GOS_19SelectionManagerBoxS3____; baseClass = _UIConstraintBasedLayoutHostingView; frame = (0 0; 430 932); anchorPoint = (0, 0); tintColor = UIExtendedSRGBColorSpace 0 0.478431 1 1; layer = <CALayer>>
   |    |    |    |    |    |    |    |    | <SwiftUI.UpdateCoalescingCollectionView; baseClass = UICollectionView; frame = (0 0; 430 932); clipsToBounds = YES; autoresize = W+H; gestureRecognizers = <NSArray>; backgroundColor = <UIDynamicSystemColor; name = systemGroupedBackgroundColor>; layer = <CALayer>; contentOffset: {0, -150}; contentSize: {430, 536}; adjustedContentInset: {150, 0, 0, 0}; layout: <UICollectionViewCompositionalLayout>; dataSource: <_TtGC7SwiftUI31UICollectionViewListCoordinatorGVS_28CollectionViewListDataSourceOs5Never_GOS_19SelectionManagerBoxS2___>>
   |    |    |    |    |    |    |    |    |    | <_UICollectionViewListLayoutSectionBackgroundColorDecorationView; frame = (-20 -1864; 470 1964.33); userInteractionEnabled = NO; backgroundColor = <UIDynamicSystemColor; name = systemGroupedBackgroundColor>; layer = <CALayer>>
   |    |    |    |    |    |    |    |    |    | <_UICollectionViewListLayoutSectionBackgroundColorDecorationView; frame = (-20 100.333; 470 100.333); userInteractionEnabled = NO; backgroundColor = <UIDynamicSystemColor; name = systemGroupedBackgroundColor>; layer = <CALayer>>
   |    |    |    |    |    |    |    |    |    | <_UICollectionViewListLayoutSectionBackgroundColorDecorationView; frame = (-20 200.667; 470 100.333); userInteractionEnabled = NO; backgroundColor = <UIDynamicSystemColor; name = systemGroupedBackgroundColor>; layer = <CALayer>>
   |    |    |    |    |    |    |    |    |    | <_UICollectionViewListLayoutSectionBackgroundColorDecorationView; frame = (-20 301; 470 100.333); userInteractionEnabled = NO; backgroundColor = <UIDynamicSystemColor; name = systemGroupedBackgroundColor>; layer = <CALayer>>
   |    |    |    |    |    |    |    |    |    | <_UICollectionViewListLayoutSectionBackgroundColorDecorationView; frame = (-20 401.333; 470 1998.67); userInteractionEnabled = NO; backgroundColor = <UIDynamicSystemColor; name = systemGroupedBackgroundColor>; layer = <CALayer>>
   |    |    |    |    |    |    |    |    |    | <SwiftUI.ListCollectionViewCell; baseClass = UICollectionViewListCell; frame = (20 38.6667; 390 44); clipsToBounds = YES; layer = <CALayer>>
   |    |    |    |    |    |    |    |    |    |    | <_UISystemBackgroundView; frame = (0 0; 390 44); layer = <CALayer>; configuration = <UIBackgroundConfiguration; Base Style = List Grouped Cell; backgroundColor = <UIDynamicSystemColor; name = tableCellGroupedBackgroundColor>>>
   |    |    |    |    |    |    |    |    |    |    |    | <UIView; frame = (0 0; 390 44); backgroundColor = <UIDynamicSystemColor; name = tableCellGroupedBackgroundColor>; layer = <CALayer>>
   |    |    |    |    |    |    |    |    |    |    | <_UICollectionViewListCellContentView; frame = (0 0; 390 44); gestureRecognizers = <NSArray>; layer = <CALayer>>
   |    |    |    |    |    |    |    |    |    |    |    | <_TtGC7SwiftUI15CellHostingViewGVS_15ModifiedContentVS_14_ViewList_ViewVS_26CollectionViewCellModifier__; frame = (0 0; 390 44); autoresize = W+H; gestureRecognizers = <NSArray>; layer = <CALayer>>
   |    |    |    |    |    |    |    |    |    |    |    |    | <_TtGC7SwiftUI16PlatformViewHostGVS_P10$1c5c7eed832PlatformViewRepresentableAdaptorVS_P10$1c5c39d4024PlatformTextFieldAdaptor__; baseClass = _UIConstraintBasedLayoutHostingView; frame = (20 11; 350 22); anchorPoint = (0, 0); tintColor = UIExtendedSRGBColorSpace 0 0.478431 1 1; layer = <CALayer>>
   |    |    |    |    |    |    |    |    |    |    |    |    |    | <UITextField; frame = (0 0; 350 22); text = ''; opaque = NO; autoresize = W+H; gestureRecognizers = <NSArray>; placeholder = Nom; borderStyle = None; background = <_UITextFieldNoBackgroundProvider: textfield=<UITextField>>; layer = <CALayer>>
   |    |    |    |    |    |    |    |    |    |    |    |    |    |    | <_UITouchPassthroughView; frame = (0 0; 0 0); layer = <CALayer>>
   |    |    |    |    |    |    |    |    |    |    |    |    |    |    | <UITextFieldLabel; frame = (0 1; 350 20.3333); text = 'Nom'; opaque = NO; userInteractionEnabled = NO; layer = <_UILabelLayer>>
   |    |    |    |    |    |    |    |    |    |    |    |    |    |    | <_UITextLayoutCanvasView; frame = (0 0; 350 22); layer = <CALayer>>
   |    |    |    |    |    |    |    |    |    |    |    |    |    |    |    | <_UITextLayoutFragmentView; frame = (0 1; 0 21); opaque = NO; layer = <CALayer>>
   |    |    |    |    |    |    |    |    |    | <SwiftUI.ListCollectionViewCell; baseClass = UICollectionViewListCell; frame = (20 139; 390 44); clipsToBounds = YES; layer = <CALayer>>
   |    |    |    |    |    |    |    |    |    |    | <_UISystemBackgroundView; frame = (0 0; 390 44); layer = <CALayer>; configuration = <UIBackgroundConfiguration; Base Style = List Grouped Cell; backgroundColor = <UIDynamicSystemColor; name = tableCellGroupedBackgroundColor>>>
   |    |    |    |    |    |    |    |    |    |    |    | <UIView; frame = (0 0; 390 44); backgroundColor = <UIDynamicSystemColor; name = tableCellGroupedBackgroundColor>; layer = <CALayer>>
   |    |    |    |    |    |    |    |    |    |    | <_UICollectionViewListCellContentView; frame = (0 0; 390 44); gestureRecognizers = <NSArray>; layer = <CALayer>>
   |    |    |    |    |    |    |    |    |    |    |    | <_TtGC7SwiftUI15CellHostingViewGVS_15ModifiedContentVS_14_ViewList_ViewVS_26CollectionViewCellModifier__; frame = (0 0; 390 44); autoresize = W+H; gestureRecognizers = <NSArray>; layer = <CALayer>>
   |    |    |    |    |    |    |    |    |    |    |    |    | <_TtGC7SwiftUI16PlatformViewHostGVS_P10$1c5c7eed832PlatformViewRepresentableAdaptorVS_P10$1c5c39d4024PlatformTextFieldAdaptor__; baseClass = _UIConstraintBasedLayoutHostingView; frame = (20 11; 350 22); anchorPoint = (0, 0); tintColor = UIExtendedSRGBColorSpace 0 0.478431 1 1; layer = <CALayer>>
   |    |    |    |    |    |    |    |    |    |    |    |    |    | <UITextField; frame = (0 0; 350 22); text = ''; opaque = NO; autoresize = W+H; gestureRecognizers = <NSArray>; placeholder = Prénom; borderStyle = None; background = <_UITextFieldNoBackgroundProvider: textfield=<UITextField>>; layer = <CALayer>>
   |    |    |    |    |    |    |    |    |    |    |    |    |    |    | <_UITouchPassthroughView; frame = (0 0; 0 0); layer = <CALayer>>
   |    |    |    |    |    |    |    |    |    |    |    |    |    |    | <UITextFieldLabel; frame = (0 1; 350 20.3333); text = 'Prénom'; opaque = NO; userInteractionEnabled = NO; layer = <_UILabelLayer>>
   |    |    |    |    |    |    |    |    |    |    |    |    |    |    | <_UITextLayoutCanvasView; frame = (0 0; 350 22); layer = <CALayer>>
   |    |    |    |    |    |    |    |    |    |    |    |    |    |    |    | <_UITextLayoutFragmentView; frame = (0 1; 0 21); opaque = NO; layer = <CALayer>>
   |    |    |    |    |    |    |    |    |    | <SwiftUI.ListCollectionViewCell; baseClass = UICollectionViewListCell; frame = (20 239.333; 390 44); clipsToBounds = YES; layer = <CALayer>>
   |    |    |    |    |    |    |    |    |    |    | <_UISystemBackgroundView; frame = (0 0; 390 44); layer = <CALayer>; configuration = <UIBackgroundConfiguration; Base Style = List Grouped Cell; backgroundColor = <UIDynamicSystemColor; name = tableCellGroupedBackgroundColor>>>
   |    |    |    |    |    |    |    |    |    |    |    | <UIView; frame = (0 0; 390 44); backgroundColor = <UIDynamicSystemColor; name = tableCellGroupedBackgroundColor>; layer = <CALayer>>
   |    |    |    |    |    |    |    |    |    |    | <_UICollectionViewListCellContentView; frame = (0 0; 390 44); gestureRecognizers = <NSArray>; layer = <CALayer>>
   |    |    |    |    |    |    |    |    |    |    |    | <_TtGC7SwiftUI15CellHostingViewGVS_15ModifiedContentVS_14_ViewList_ViewVS_26CollectionViewCellModifier__; frame = (0 0; 390 44); autoresize = W+H; gestureRecognizers = <NSArray>; layer = <CALayer>>
   |    |    |    |    |    |    |    |    |    |    |    |    | <_TtGC7SwiftUI16PlatformViewHostGVS_P10$1c5c7eed832PlatformViewRepresentableAdaptorVS_P10$1c5c39d4024PlatformTextFieldAdaptor__; baseClass = _UIConstraintBasedLayoutHostingView; frame = (20 11; 350 22); anchorPoint = (0, 0); tintColor = UIExtendedSRGBColorSpace 0 0.478431 1 1; layer = <CALayer>>
   |    |    |    |    |    |    |    |    |    |    |    |    |    | <UITextField; frame = (0 0; 350 22); text = ''; opaque = NO; autoresize = W+H; gestureRecognizers = <NSArray>; placeholder = Nom d'utilisateur; borderStyle = None; background = <_UITextFieldNoBackgroundProvider: textfield=<UITextField>>; layer = <CALayer>>
   |    |    |    |    |    |    |    |    |    |    |    |    |    |    | <_UITouchPassthroughView; frame = (0 0; 0 0); layer = <CALayer>>
   |    |    |    |    |    |    |    |    |    |    |    |    |    |    | <UITextFieldLabel; frame = (0 1; 350 20.3333); text = 'Nom d'utilisateur'; opaque = NO; userInteractionEnabled = NO; layer = <_UILabelLayer>>
   |    |    |    |    |    |    |    |    |    |    |    |    |    |    | <_UITextLayoutCanvasView; frame = (0 0; 350 22); layer = <CALayer>>
   |    |    |    |    |    |    |    |    |    |    |    |    |    |    |    | <_UITextLayoutFragmentView; frame = (0 1; 0 21); opaque = NO; layer = <CALayer>>
   |    |    |    |    |    |    |    |    |    | <SwiftUI.ListCollectionViewCell; baseClass = UICollectionViewListCell; frame = (20 339.667; 390 44); clipsToBounds = YES; layer = <CALayer>>
   |    |    |    |    |    |    |    |    |    |    | <_UISystemBackgroundView; frame = (0 0; 390 44); layer = <CALayer>; configuration = <UIBackgroundConfiguration; Base Style = List Grouped Cell; backgroundColor = <UIDynamicSystemColor; name = tableCellGroupedBackgroundColor>>>
   |    |    |    |    |    |    |    |    |    |    |    | <UIView; frame = (0 0; 390 44); backgroundColor = <UIDynamicSystemColor; name = tableCellGroupedBackgroundColor>; layer = <CALayer>>
   |    |    |    |    |    |    |    |    |    |    | <_UICollectionViewListCellContentView; frame = (0 0; 390 44); gestureRecognizers = <NSArray>; layer = <CALayer>>
   |    |    |    |    |    |    |    |    |    |    |    | <_TtGC7SwiftUI15CellHostingViewGVS_15ModifiedContentVS_14_ViewList_ViewVS_26CollectionViewCellModifier__; frame = (0 0; 390 44); autoresize = W+H; gestureRecognizers = <NSArray>; layer = <CALayer>>
   |    |    |    |    |    |    |    |    |    |    |    |    | <_TtGC7SwiftUI16PlatformViewHostGVS_P10$1c5c7eed832PlatformViewRepresentableAdaptorVS_P10$1c5c39d4024PlatformTextFieldAdaptor__; baseClass = _UIConstraintBasedLayoutHostingView; frame = (20 11; 350 22); anchorPoint = (0, 0); tintColor = UIExtendedSRGBColorSpace 0 0.478431 1 1; layer = <CALayer>>
   |    |    |    |    |    |    |    |    |    |    |    |    |    | <UITextField; frame = (0 0; 350 22); text = ''; opaque = NO; autoresize = W+H; gestureRecognizers = <NSArray>; placeholder = exemple@exemple.fr; borderStyle = None; background = <_UITextFieldNoBackgroundProvider: textfield=<UITextField>>; layer = <CALayer>>
   |    |    |    |    |    |    |    |    |    |    |    |    |    |    | <_UITouchPassthroughView; frame = (0 0; 0 0); layer = <CALayer>>
   |    |    |    |    |    |    |    |    |    |    |    |    |    |    | <UITextFieldLabel; frame = (0 1; 350 20.3333); text = 'exemple@exemple.fr'; opaque = NO; userInteractionEnabled = NO; layer = <_UILabelLayer>>
   |    |    |    |    |    |    |    |    |    |    |    |    |    |    | <_UITextLayoutCanvasView; frame = (0 0; 350 22); layer = <CALayer>>
   |    |    |    |    |    |    |    |    |    |    |    |    |    |    |    | <_UITextLayoutFragmentView; frame = (0 1; 0 21); opaque = NO; layer = <CALayer>>
   |    |    |    |    |    |    |    |    |    | <SwiftUI.ListCollectionViewCell; baseClass = UICollectionViewListCell; frame = (20 440; 390 44); clipsToBounds = YES; layer = <CALayer>>
   |    |    |    |    |    |    |    |    |    |    | <_UISystemBackgroundView; frame = (0 0; 390 44); layer = <CALayer>; configuration = <UIBackgroundConfiguration; Base Style = List Grouped Cell; backgroundColor = <UIDynamicSystemColor; name = tableCellGroupedBackgroundColor>>>
   |    |    |    |    |    |    |    |    |    |    |    | <UIView; frame = (0 0; 390 44); backgroundColor = <UIDynamicSystemColor; name = tableCellGroupedBackgroundColor>; layer = <CALayer>>
   |    |    |    |    |    |    |    |    |    |    | <_UICollectionViewListCellContentView; frame = (0 0; 390 44); gestureRecognizers = <NSArray>; layer = <CALayer>>
   |    |    |    |    |    |    |    |    |    |    |    | <_TtGC7SwiftUI15CellHostingViewGVS_15ModifiedContentVS_14_ViewList_ViewVS_26CollectionViewCellModifier__; frame = (0 0; 390 44); autoresize = W+H; gestureRecognizers = <NSArray>; layer = <CALayer>>
   |    |    |    |    |    |    |    |    |    |    |    |    | <_TtC7SwiftUIP33_A34643117F00277B93DEBAB70EC0697122_UIShapeHitTestingView; frame = (20 9.66667; 15 25); anchorPoint = (0, 0); autoresizesSubviews = NO; backgroundColor = UIExtendedSRGBColorSpace 1 0.231373 0.188235 1; layer = <CALayer>>
   |    |    |    |    |    |    |    |    |    |    |    |    | <_TtCOCV7SwiftUI11DisplayList11ViewUpdater8Platform13CGDrawingView; frame = (43 12; 104.667 20.3333); anchorPoint = (0, 0); opaque = NO; autoresizesSubviews = NO; layer = <_TtCOCV7SwiftUI11DisplayList11ViewUpdater8PlatformP33_65A81BD07F0108B0485D2E15DE104A7514CGDrawingLayer>>
   |    |    |    |    |    |    |    |    |    |    |    |    | <_TtGC7SwiftUI16PlatformViewHostGVS_P10$1c5c7eed832PlatformViewRepresentableAdaptorGVS_P10$1c5c1077c18UIKitButtonAdaptorVS_P10$1c5c108e819PlatformItemContent___; baseClass = _UIConstraintBasedLayoutHostingView; frame = (292.667 4.66667; 77.3333 34.6667); anchorPoint = (0, 0); tintColor = UIExtendedSRGBColorSpace 0 0.478431 1 1; layer = <CALayer>>
   |    |    |    |    |    |    |    |    |    |    |    |    |    | <_TtC7SwiftUIP33_64A26C7A8406856A733B1A7B593971F725UIKitIconPreferringButton; baseClass = UIButton; frame = (0 0; 77.3333 34.6667); opaque = NO; autoresize = W+H; userInteractionEnabled = NO; tintColor = <UIDynamicProviderColor; provider = <__NSMallocBlock__>>; gestureRecognizers = <NSArray>; layer = <CALayer>> configuration=<UIButtonConfiguration> baseStyle=plain macStyle=automatic buttonSize=medium cornerStyle=dynamic title=<>:'Rouge' contentInsets={7, 12, 7, 0} imagePlacement=leading imagePadding=0 titlePadding=1 titleAlignment=automatic automaticallyUpdateForSelection background=<UIBackgroundConfiguration; Base Style = Custom; cornerRadius = 5.95>
   |    |    |    |    |    |    |    |    |    |    |    |    |    |    | <_UISystemBackgroundView; frame = (0 0; 77.3333 34.6667); userInteractionEnabled = NO; layer = <CALayer>; configuration = <UIBackgroundConfiguration; Base Style = Custom; cornerRadius = 6>>
   |    |    |    |    |    |    |    |    |    |    |    |    |    |    | <UIImageView; frame = (65 9.83333; 12.3333 14.6667); opaque = NO; userInteractionEnabled = NO; image = <UIImage symbol "chevron.up.chevron.down"; (12 15)@3{2}>; layer = <CALayer>>
   |    |    |    |    |    |    |    |    |    |    |    |    |    |    | <UILabel; frame = (11.6667 7; 49 20.3333); text = 'Rouge'; userInteractionEnabled = NO; backgroundColor = UIExtendedGrayColorSpace 0 0; layer = <_UILabelLayer>>
   |    |    |    |    |    |    |    |    |    | <SwiftUI.ListCollectionViewCell; baseClass = UICollectionViewListCell; frame = (20 0; 390 38.6667); layer = <CALayer>>
   |    |    |    |    |    |    |    |    |    |    | <_UISystemBackgroundView; frame = (0 0; 390 38.6667); layer = <CALayer>; configuration = <UIBackgroundConfiguration; Base Style = List Grouped Header/Footer; cornerRadius = 10>>
   |    |    |    |    |    |    |    |    |    |    | <_UICollectionViewListCellContentView; frame = (0 0; 390 38.6667); gestureRecognizers = <NSArray>; layer = <CALayer>>
   |    |    |    |    |    |    |    |    |    |    |    | <_TtGC7SwiftUI15CellHostingViewGVS_15ModifiedContentVS_14_ViewList_ViewVS_26CollectionViewCellModifier__; frame = (0 0; 390 38.6667); autoresize = W+H; gestureRecognizers = <NSArray>; layer = <CALayer>>
   |    |    |    |    |    |    |    |    |    |    |    |    | <_TtCOCV7SwiftUI11DisplayList11ViewUpdater8Platform13CGDrawingView; frame = (20 17; 31 15.6667); anchorPoint = (0, 0); opaque = NO; autoresizesSubviews = NO; layer = <_TtCOCV7SwiftUI11DisplayList11ViewUpdater8PlatformP33_65A81BD07F0108B0485D2E15DE104A7514CGDrawingLayer>>
   |    |    |    |    |    |    |    |    |    | <SwiftUI.ListCollectionViewCell; baseClass = UICollectionViewListCell; frame = (20 100.333; 390 38.6667); layer = <CALayer>>
   |    |    |    |    |    |    |    |    |    |    | <_UISystemBackgroundView; frame = (0 0; 390 38.6667); layer = <CALayer>; configuration = <UIBackgroundConfiguration; Base Style = List Grouped Header/Footer; cornerRadius = 10>>
   |    |    |    |    |    |    |    |    |    |    | <_UICollectionViewListCellContentView; frame = (0 0; 390 38.6667); gestureRecognizers = <NSArray>; layer = <CALayer>>
   |    |    |    |    |    |    |    |    |    |    |    | <_TtGC7SwiftUI15CellHostingViewGVS_15ModifiedContentVS_14_ViewList_ViewVS_26CollectionViewCellModifier__; frame = (0 0; 390 38.6667); autoresize = W+H; gestureRecognizers = <NSArray>; layer = <CALayer>>
   |    |    |    |    |    |    |    |    |    |    |    |    | <_TtCOCV7SwiftUI11DisplayList11ViewUpdater8Platform13CGDrawingView; frame = (20 17; 55.3333 15.6667); anchorPoint = (0, 0); opaque = NO; autoresizesSubviews = NO; layer = <_TtCOCV7SwiftUI11DisplayList11ViewUpdater8PlatformP33_65A81BD07F0108B0485D2E15DE104A7514CGDrawingLayer>>
   |    |    |    |    |    |    |    |    |    | <SwiftUI.ListCollectionViewCell; baseClass = UICollectionViewListCell; frame = (20 200.667; 390 38.6667); layer = <CALayer>>
   |    |    |    |    |    |    |    |    |    |    | <_UISystemBackgroundView; frame = (0 0; 390 38.6667); layer = <CALayer>; configuration = <UIBackgroundConfiguration; Base Style = List Grouped Header/Footer; cornerRadius = 10>>
   |    |    |    |    |    |    |    |    |    |    | <_UICollectionViewListCellContentView; frame = (0 0; 390 38.6667); gestureRecognizers = <NSArray>; layer = <CALayer>>
   |    |    |    |    |    |    |    |    |    |    |    | <_TtGC7SwiftUI15CellHostingViewGVS_15ModifiedContentVS_14_ViewList_ViewVS_26CollectionViewCellModifier__; frame = (0 0; 390 38.6667); autoresize = W+H; gestureRecognizers = <NSArray>; layer = <CALayer>>
   |    |    |    |    |    |    |    |    |    |    |    |    | <_TtCOCV7SwiftUI11DisplayList11ViewUpdater8Platform13CGDrawingView; frame = (20 17; 129 15.6667); anchorPoint = (0, 0); opaque = NO; autoresizesSubviews = NO; layer = <_TtCOCV7SwiftUI11DisplayList11ViewUpdater8PlatformP33_65A81BD07F0108B0485D2E15DE104A7514CGDrawingLayer>>
   |    |    |    |    |    |    |    |    |    | <SwiftUI.ListCollectionViewCell; baseClass = UICollectionViewListCell; frame = (20 301; 390 38.6667); layer = <CALayer>>
   |    |    |    |    |    |    |    |    |    |    | <_UISystemBackgroundView; frame = (0 0; 390 38.6667); layer = <CALayer>; configuration = <UIBackgroundConfiguration; Base Style = List Grouped Header/Footer; cornerRadius = 10>>
   |    |    |    |    |    |    |    |    |    |    | <_UICollectionViewListCellContentView; frame = (0 0; 390 38.6667); gestureRecognizers = <NSArray>; layer = <CALayer>>
   |    |    |    |    |    |    |    |    |    |    |    | <_TtGC7SwiftUI15CellHostingViewGVS_15ModifiedContentVS_14_ViewList_ViewVS_26CollectionViewCellModifier__; frame = (0 0; 390 38.6667); autoresize = W+H; gestureRecognizers = <NSArray>; layer = <CALayer>>
   |    |    |    |    |    |    |    |    |    |    |    |    | <_TtCOCV7SwiftUI11DisplayList11ViewUpdater8Platform13CGDrawingView; frame = (20 17; 106.333 15.6667); anchorPoint = (0, 0); opaque = NO; autoresizesSubviews = NO; layer = <_TtCOCV7SwiftUI11DisplayList11ViewUpdater8PlatformP33_65A81BD07F0108B0485D2E15DE104A7514CGDrawingLayer>>
   |    |    |    |    |    |    |    |    |    | <SwiftUI.ListCollectionViewCell; baseClass = UICollectionViewListCell; frame = (20 401.333; 390 38.6667); layer = <CALayer>>
   |    |    |    |    |    |    |    |    |    |    | <_UISystemBackgroundView; frame = (0 0; 390 38.6667); layer = <CALayer>; configuration = <UIBackgroundConfiguration; Base Style = List Grouped Header/Footer; cornerRadius = 10>>
   |    |    |    |    |    |    |    |    |    |    | <_UICollectionViewListCellContentView; frame = (0 0; 390 38.6667); gestureRecognizers = <NSArray>; layer = <CALayer>>
   |    |    |    |    |    |    |    |    |    |    |    | <_TtGC7SwiftUI15CellHostingViewGVS_15ModifiedContentVS_14_ViewList_ViewVS_26CollectionViewCellModifier__; frame = (0 0; 390 38.6667); autoresize = W+H; gestureRecognizers = <NSArray>; layer = <CALayer>>
   |    |    |    |    |    |    |    |    |    |    |    |    | <_TtCOCV7SwiftUI11DisplayList11ViewUpdater8Platform13CGDrawingView; frame = (20 17; 126 15.6667); anchorPoint = (0, 0); opaque = NO; autoresizesSubviews = NO; layer = <_TtCOCV7SwiftUI11DisplayList11ViewUpdater8PlatformP33_65A81BD07F0108B0485D2E15DE104A7514CGDrawingLayer>>
   |    |    |    |    |    |    |    |    |    | <SwiftUI.ListCollectionViewCell; baseClass = UICollectionViewListCell; frame = (20 484; 390 52); layer = <CALayer>>
   |    |    |    |    |    |    |    |    |    |    | <_UISystemBackgroundView; frame = (0 0; 390 52); layer = <CALayer>; configuration = <UIBackgroundConfiguration; Base Style = List Grouped Header/Footer; cornerRadius = 10>>
   |    |    |    |    |    |    |    |    |    |    | <_UICollectionViewListCellContentView; frame = (0 0; 390 52); gestureRecognizers = <NSArray>; layer = <CALayer>>
   |    |    |    |    |    |    |    |    |    |    |    | <_TtGC7SwiftUI15CellHostingViewGVS_15ModifiedContentVS_14_ViewList_ViewVS_26CollectionViewCellModifier__; frame = (0 0; 390 52); autoresize = W+H; gestureRecognizers = <NSArray>; layer = <CALayer>>
   |    |    |    |    |    |    |    |    |    |    |    |    | <_TtCOCV7SwiftUI11DisplayList11ViewUpdater8Platform13CGDrawingView; frame = (19 15; 25 25); anchorPoint = (0, 0); opaque = NO; autoresizesSubviews = NO; layer = <_TtCOCV7SwiftUI11DisplayList11ViewUpdater8PlatformP33_65A81BD07F0108B0485D2E15DE104A7514CGDrawingLayer>>
   |    |    |    |    |    |    |    |    |    |    |    |    | <_TtCOCV7SwiftUI11DisplayList11ViewUpdater8Platform13CGDrawingView; frame = (57 20.3333; 201 15.6667); anchorPoint = (0, 0); opaque = NO; autoresizesSubviews = NO; layer = <_TtCOCV7SwiftUI11DisplayList11ViewUpdater8PlatformP33_65A81BD07F0108B0485D2E15DE104A7514CGDrawingLayer>>
   |    |    |    |    |    |    |    |    |    | <_UIScrollViewScrollIndicator; frame = (424 772; 3 7); alpha = 0; autoresize = LM; layer = <CALayer>>
   |    |    |    |    |    |    |    |    |    |    | <UIView; frame = (0 0; 3 7); backgroundColor = UIExtendedGrayColorSpace 0 0.35; layer = <CALayer>>
   |    |    |    |    | <SwiftUI.UIKitNavigationBar; baseClass = UINavigationBar; frame = (0 54; 430 96); opaque = NO; autoresize = W; layer = <CALayer>> delegate=
   |    |    |    |    |    | <_UIBarBackground; frame = (0 -54; 430 150); userInteractionEnabled = NO; layer = <CALayer>>
   |    |    |    |    |    |    | <UIVisualEffectView; frame = (0 0; 430 150); alpha = 0; layer = <CALayer>> effect=none
   |    |    |    |    |    |    |    | <_UIVisualEffectBackdropView; frame = (0 0; 430 150); autoresize = W+H; userInteractionEnabled = NO; layer = <UICABackdropLayer>>
   |    |    |    |    |    |    | <_UIBarBackgroundShadowView; frame = (0 150; 430 0.333333); layer = <CALayer>> clientRequestedContentView effect=none
   |    |    |    |    |    |    |    | <_UIBarBackgroundShadowContentImageView; frame = (0 0; 430 0.333333); alpha = 0; autoresize = W+H; userInteractionEnabled = NO; backgroundColor = <UIDynamicSystemColor; name = _systemChromeShadowColor>; image = <(null) (null) anonymous; (0 0)@0>; layer = <CALayer>>
   |    |    |    |    |    | <_UINavigationBarLargeTitleView; frame = (0 44; 430 52); clipsToBounds = YES; layer = <CALayer>>
   |    |    |    |    |    |    | <UILabel; frame = (20 3.66667; 292.667 40.6667); text = 'Compte utilisateur'; userInteractionEnabled = NO; backgroundColor = UIExtendedGrayColorSpace 0 0; layer = <_UILabelLayer>>
   |    |    |    |    |    | <_UINavigationBarContentView; frame = (0 0; 430 44); layer = <CALayer>> layout=
   |    |    |    |    |    |    | <_UIButtonBarStackView; frame = (410 0; 8 44); layer = <CALayer>> axis=horiz distribution=fill alignment=center layoutMarginsRelative NO ARRANGED SUBVIEWS buttonBar=
   |    |    |    |    |    |    | <_UINavigationBarTitleControl; frame = (141.667 11.6667; 147 20.3333); layer = <CALayer>>
   |    |    |    |    |    |    |    | <UIView; frame = (0 0; 147 20.3333); alpha = 0; layer = <CALayer>>
   |    |    |    |    |    |    |    |    | <UILabel; frame = (0 0; 147 20.3333); text = 'Compte utilisateur'; userInteractionEnabled = NO; backgroundColor = UIExtendedGrayColorSpace 0 0; layer = <_UILabelLayer>>
   |    |    |    |    |    | <_UIPointerInteractionAssistantEffectContainerView; frame = (0 0; 0 0); userInteractionEnabled = NO; layer = <CALayer>>
   |    |    |    |    | <SwiftUI.UIKitToolbar; baseClass = UIToolbar; frame = (0 932; 430 49); hidden = YES; autoresize = W+TM; layer = <CALayer>>
   |    |    |    |    |    | <_UIBarBackground; frame = (0 0; 430 49); userInteractionEnabled = NO; layer = <CALayer>>
   |    |    |    |    |    |    | <UIVisualEffectView; frame = (0 0; 430 49); layer = <CALayer>> effect=none
   |    |    |    |    |    |    |    | <_UIVisualEffectBackdropView; frame = (0 0; 430 49); autoresize = W+H; userInteractionEnabled = NO; layer = <UICABackdropLayer>>
   |    |    |    |    |    |    | <_UIBarBackgroundShadowView; frame = (0 -0.333333; 430 0.333333); layer = <CALayer>> clientRequestedContentView effect=none
   |    |    |    |    |    |    |    | <_UIBarBackgroundShadowContentImageView; frame = (0 0; 430 0.333333); autoresize = W+H; userInteractionEnabled = NO; backgroundColor = <UIDynamicSystemColor; name = _systemChromeShadowColor>; image = <(null) (null) anonymous; (0 0)@0>; layer = <CALayer>>